Testing with Referer: https://navi.ai/, Title: navi
[TEST CASE] Referer: "https://navi.ai/", Title: "navi" => Status: 429
  -> FAILED: Rate Limited (Retry-After: 29259)
----------------------------------------
Testing with Referer: opencode.ai, Title: OpenCode
[TEST CASE] Referer: "opencode.ai", Title: "OpenCode" => Status: 429
  -> FAILED: Rate Limited (Retry-After: 29258)
----------------------------------------
Testing with Referer: https://opencode.ai, Title: OpenCode
[TEST CASE] Referer: "https://opencode.ai", Title: "OpenCode" => Status: 429
  -> FAILED: Rate Limited (Retry-After: 29258)
----------------------------------------
